// Jest Snapshot v1, https://goo.gl/fbAQLP

exports[`renders correctly 1`] = `
<div
  className="tinted-background"
>
  <div
    className="module-container module-container--full-width-on-small"
  >
    <div
      className="metadata heading-font"
    >
      <div
        className="row no-gutters align-items-md-center"
      >
        <div
          className="col-md-6"
        >
          <div
            className="label"
            style={
              Object {
                "fontSize": "1.1rem",
              }
            }
          >
            Representative
          </div>
          <h1
            className="metadata__heading"
          >
            <span
              className="font-weight-light"
            >
              James
            </span>
             
            <span
              className="font-weight-normal"
            >
              Arciero
            </span>
          </h1>
          <div
            className="d-flex align-items-md-center flex-column flex-md-row"
          >
            <div
              className="pb-4 py-md-0"
            >
              <img
                alt="senator profile picture"
                className="legislator-portrait"
                src="https://malegislature.gov/Legislators/Profile/170/J_A1.jpg"
              />
            </div>
            <div>
              <div
                className="text-lg font-weight-bold"
              >
                Democratic
                 Party
              </div>
              <div
                className="text-lg mb-2 text-uppercase"
                style={
                  Object {
                    "position": "relative",
                    "top": ".2rem",
                  }
                }
              >
                Second Middlesex
              </div>
              <div
                style={
                  Object {
                    "fontSize": "1.2rem",
                  }
                }
              >
                <a
                  href="https://malegislature.gov/Legislators/Profile/J_A1"
                  target="_blank"
                >
                  Official Profile & Contact Info
                </a>
              </div>
            </div>
          </div>
        </div>
        <div
          className="col-md-6 pl-md-4 pl-lg-5 pt-4 pt-md-0"
        >
          <div
            className="progress-component"
          >
            <h2
              className="sr-only"
            >
              Progressive Ranking Summary
            </h2>
            <div>
              <div
                className="sr-only"
              >
                <h3>
                  Vote information
                </h3>
                <p
                  id="sr-stats"
                >
                  Voted with the progressive position 78 percent of the time.
                  The average democrat progressive rating was 75 percent.
                  The average republican progressive rating was 21 percent.
                  The House Speaker progressive rating was 78 percent.
                </p>
              </div>
              <div
                aria-hidden={true}
              >
                <div
                  className="mb-2"
                >
                  <span
                    className="label d-block mb-1"
                    style={
                      Object {
                        "fontSize": "1.1rem",
                      }
                    }
                  >
                    Rep.
                     
                    Arciero
                    's votes 
                    <span
                      className="text-lowercase font-weight-normal"
                      style={
                        Object {
                          "fontSize": "1rem",
                        }
                      }
                    >
                      (2015-16)
                    </span>
                  </span>
                  <div>
                    <div>
                      <div
                        className="progress"
                      >
                        <div
                          className="progress__text-container"
                        >
                          <b>
                            C+
                          </b>
                            
                          <span
                            style={
                              Object {
                                "fontSize": ".85rem",
                                "opacity": 0.68,
                                "position": "relative",
                                "top": "-2px",
                              }
                            }
                          >
                            (
                            78%
                            )
                          </span>
                        </div>
                        <div
                          className="progress-bar bg-primary progress-bar--large"
                          style={
                            Object {
                              "width": "0%",
                            }
                          }
                        />
                      </div>
                    </div>
                  </div>
                </div>
                <div
                  className="d-flex"
                >
                  <div
                    className="flex-grow mr-2"
                  >
                    <span
                      className="label font-weight-normal"
                    >
                      Speaker Deleo (Dem) 
                      <div
                        style={
                          Object {
                            "display": "inline-block",
                            "maxWidth": "40px",
                            "verticalAlign": "text-bottom",
                          }
                        }
                      >
                        <div>
                          <div
                            title={undefined}
                          >
                            <button
                              className="btn btn-icon btn-icon--basic"
                              type="button"
                            >
                              <img
                                alt=""
                                src="help.svg"
                                style={
                                  Object {
                                    "height": "18px",
                                    "position": "relative",
                                    "top": "1px",
                                  }
                                }
                              />
                              <span
                                className="sr-only"
                              >
                                more information
                              </span>
                            </button>
                          </div>
                          <div
                            id={0.5}
                            style={
                              Object {
                                "display": "none",
                              }
                            }
                          >
                            <div>
                              
                              <p
                                dangerouslySetInnerHTML={
                                  Object {
                                    "__html": "The Speaker of the House's votes are highly predictive of the average Democratic vote.",
                                  }
                                }
                              />
                            </div>
                          </div>
                        </div>
                      </div>
                    </span>
                    <div>
                      <div
                        className="progress"
                      >
                        <div
                          className="progress__text-container"
                        >
                          <b>
                            C+
                          </b>
                            
                          <span
                            style={
                              Object {
                                "fontSize": ".85rem",
                                "opacity": 0.68,
                                "position": "relative",
                                "top": "-2px",
                              }
                            }
                          >
                            (
                            78%
                            )
                          </span>
                        </div>
                        <div
                          className="progress-bar bg-primary "
                          style={
                            Object {
                              "width": "78%",
                            }
                          }
                        />
                      </div>
                    </div>
                  </div>
                  <div
                    className="flex-grow ml-2"
                  >
                    <span
                      className="label font-weight-normal"
                    >
                      Avg 
                      House
                       Republican
                    </span>
                    <div>
                      <div
                        className="progress"
                      >
                        <div
                          className="progress__text-container"
                        >
                          <b>
                            F
                          </b>
                            
                          <span
                            style={
                              Object {
                                "fontSize": ".85rem",
                                "opacity": 0.68,
                                "position": "relative",
                                "top": "-2px",
                              }
                            }
                          >
                            (
                            21%
                            )
                          </span>
                        </div>
                        <div
                          className="progress-bar bg-primary "
                          style={
                            Object {
                              "width": "21%",
                            }
                          }
                        />
                      </div>
                    </div>
                  </div>
                </div>
              </div>
            </div>
            <div
              className="mt-4"
            >
              <h3
                className="label"
                style={
                  Object {
                    "fontSize": "1.1rem",
                    "position": "relative",
                    "top": ".5rem",
                  }
                }
              >
                Rep.
                 
                Arciero
                 cosponsored
              </h3>
              <div
                id="cosponsorship-summary"
                style={
                  Object {
                    "fontSize": "2.2rem",
                  }
                }
              >
                <b
                  className="text-danger"
                >
                  3
                </b>
                 
                <span
                  className="font-weight-light"
                >
                  progressive 
                  bills
                </span>
              </div>
              <div
                style={
                  Object {
                    "position": "relative",
                    "top": "-.4rem",
                  }
                }
              >
                out of 
                <b
                  className="text-primary"
                >
                  16
                </b>
                 endorsed by Prog. Mass for 2017-18 
                <div
                  style={
                    Object {
                      "display": "inline-block",
                      "maxWidth": "40px",
                      "verticalAlign": "text-bottom",
                    }
                  }
                >
                  <div>
                    <div
                      title={undefined}
                    >
                      <button
                        className="btn btn-icon btn-icon--basic"
                        type="button"
                      >
                        <img
                          alt=""
                          src="help.svg"
                          style={
                            Object {
                              "height": "18px",
                              "position": "relative",
                              "top": "1px",
                            }
                          }
                        />
                        <span
                          className="sr-only"
                        >
                          more information
                        </span>
                      </button>
                    </div>
                    <div
                      id={0.5}
                      style={
                        Object {
                          "display": "none",
                        }
                      }
                    >
                      <div>
                        <div
                          className="h6"
                        >
                          Which bills does Progressive Mass endorse?
                        </div>
                        <p
                          dangerouslySetInnerHTML={
                            Object {
                              "__html": "Every session, Prog. Mass chooses a limited selection of progressive bills that advance its <a target=\\"_blank\\" href=\\"http://www.progressivemass.com/progressiveplatform\\">Progressive Platform.</a> There are, of course, worthy bills that do not make it into the selected group.",
                            }
                          }
                        />
                      </div>
                    </div>
                  </div>
                </div>
              </div>
            </div>
          </div>
        </div>
      </div>
    </div>
  </div>
  <div
    className="inverted-tabs"
  >
    <h2
      className="sr-only"
    >
      Legislative Terms
    </h2>
    <div
      className="RRT__container"
      onKeyDown={[Function]}
    >
      <div
        className="RRT__tabs"
      >
        <div
          aria-controls="panel-2015-2016"
          aria-disabled="false"
          aria-expanded="false"
          aria-selected="false"
          className="RRT__tab RRT__tab--first"
          id="tab-2015-2016"
          onBlur={[Function]}
          onClick={[Function]}
          onFocus={[Function]}
          role="tab"
          tabIndex="0"
        >
          <div>
            <div>
              2015-2016
            </div>
            <div
              style={
                Object {
                  "fontSize": "1rem",
                }
              }
            >
              189th Session
            </div>
          </div>
        </div>
        <div
          aria-controls="panel-2017-2018"
          aria-disabled="false"
          aria-expanded="true"
          aria-selected="true"
          className="RRT__tab RRT__tab--selected"
          id="tab-2017-2018"
          onBlur={[Function]}
          onClick={[Function]}
          onFocus={[Function]}
          role="tab"
          tabIndex="0"
        >
          <div>
            <div>
              2017-2018
            </div>
            <div
              style={
                Object {
                  "fontSize": "1rem",
                }
              }
            >
              190th Session
            </div>
          </div>
        </div>
      </div>
      <div
        aria-hidden="false"
        aria-labelledby="tab-2017-2018"
        className="RRT__panel"
        id="panel-2017-2018"
        role="tabpanel"
      >
        <div
          className="white-floated mb-4"
        >
          <ul
            className="nav justify-content-center"
          >
            <li
              className="nav-item"
            >
              <a
                aria-current="page"
                className="nav-link active "
                disabled={false}
                href="#"
                onClick={[Function]}
              >
                Cosponsored Bills
              </a>
            </li>
            <li
              className="nav-item"
            >
              <a
                aria-current={false}
                className="nav-link  disabled"
                disabled={true}
                href="#"
                onClick={[Function]}
              >
                Voting Record
              </a>
            </li>
          </ul>
          <div>
            <div
              className="table-container"
            >
              <h3
                className="sr-only"
              >
                Cosponsored Bills
              </h3>
              <div />
            </div>
          </div>
        </div>
      </div>
    </div>
  </div>
</div>
`;
