// Jest Snapshot v1, https://goo.gl/fbAQLP

exports[`renders correctly 1`] = `<LoadingComponent />`;

exports[`requests legislator data depending on the address 1`] = `
<div
  className="loading blue-background d-flex align-items-center justify-content-center"
>
  <h1>
    loading...
  </h1>
</div>
`;
